This file contains any messages produced by compilers while
running configure, to aid debugging if configure makes a mistake.

It was created by libsodium configure 1.0.20, which was
generated by GNU Autoconf 2.72.  Invocation command line was

  $ ./configure

## --------- ##
## Platform. ##
## --------- ##

hostname = 572bbc7a2396
uname -m = x86_64
uname -r = 6.12.54-linuxkit
uname -s = Linux
uname -v = #1 SMP Tue Nov  4 21:21:47 UTC 2025

/usr/bin/uname -p = unknown
/bin/uname -X     = unknown

/bin/arch              = unknown
/usr/bin/arch -k       = unknown
/usr/convex/getsysinfo = unknown
/usr/bin/hostinfo      = unknown
/bin/machine           = unknown
/usr/bin/oslevel       = unknown
/bin/universe          = unknown

PATH: /opt/bitnami/php/bin/
PATH: /opt/bitnami/php/sbin/
PATH: /usr/local/sbin/
PATH: /usr/local/bin/
PATH: /usr/sbin/
PATH: /usr/bin/
PATH: /sbin/
PATH: /bin/


## ----------- ##
## Core tests. ##
## ----------- ##

configure:2653: looking for aux files: ltmain.sh compile missing install-sh config.guess config.sub
configure:2666:  trying ./build-aux/
configure:2695:   ./build-aux/ltmain.sh found
configure:2695:   ./build-aux/compile found
configure:2695:   ./build-aux/missing found
configure:2677:   ./build-aux/install-sh found
configure:2695:   ./build-aux/config.guess found
configure:2695:   ./build-aux/config.sub found
configure:2817: checking build system type
configure:2833: result: x86_64-pc-linux-gnu
configure:2853: checking host system type
configure:2868: result: x86_64-pc-linux-gnu
configure:2888: checking target system type
configure:2903: result: x86_64-pc-linux-gnu
configure:2946: checking for a BSD-compatible install
configure:3020: result: /usr/bin/install -c
configure:3031: checking whether build environment is sane
configure:3086: result: yes
configure:3247: checking for a race-free mkdir -p
configure:3290: result: /usr/bin/mkdir -p
configure:3297: checking for gawk
configure:3318: found /usr/bin/gawk
configure:3330: result: gawk
configure:3341: checking whether make sets $(MAKE)
configure:3365: result: yes
configure:3395: checking whether make supports nested variables
configure:3414: result: yes
configure:3499: checking whether UID '0' is supported by ustar format
configure:3502: result: yes
configure:3509: checking whether GID '0' is supported by ustar format
configure:3512: result: yes
configure:3520: checking how to create a ustar tar archive
configure:3531: tar --version
tar (GNU tar) 1.34
Copyright (C) 2021 Free Software Foundation, Inc.
License GPLv3+: GNU GPL version 3 or later <https://gnu.org/licenses/gpl.html>.
This is free software: you are free to change and redistribute it.
There is NO WARRANTY, to the extent permitted by law.

Written by John Gilmore and Jay Fenlason.
configure:3534: $? = 0
configure:3574: tardir=conftest.dir && eval tar --format=ustar -chf - "$tardir" >conftest.tar
configure:3577: $? = 0
configure:3581: tar -xf - <conftest.tar
configure:3584: $? = 0
configure:3586: cat conftest.dir/file
GrepMe
configure:3589: $? = 0
configure:3604: result: gnutar
configure:3680: checking whether make supports nested variables
configure:3699: result: yes
configure:3711: checking whether to enable maintainer-specific portions of Makefiles
configure:3722: result: no
configure:3855: checking for gcc
configure:3876: found /usr/bin/gcc
configure:3888: result: gcc
configure:4247: checking for C compiler version
configure:4256: gcc --version >&5
gcc (GCC) 12.2.0
Copyright (C) 2022 Free Software Foundation, Inc.
This is free software; see the source for copying conditions.  There is NO
warranty; not even for MERCHANTABILITY or FITNESS FOR A PARTICULAR PURPOSE.

configure:4267: $? = 0
configure:4256: gcc -v >&5
Using built-in specs.
COLLECT_GCC=gcc
COLLECT_LTO_WRAPPER=/usr/libexec/gcc/x86_64-unknown-linux-gnu/12.2.0/lto-wrapper
Target: x86_64-unknown-linux-gnu
Configured with: ./configure --host=x86_64-unknown-linux-gnu --build=x86_64-unknown-linux-gnu --program-prefix= --disable-dependency-tracking --prefix=/usr --exec-prefix=/usr --bindir=/usr/bin --sbindir=/usr/sbin --sysconfdir=/etc --datadir=/usr/share --includedir=/usr/include --libdir=/usr/lib --libexecdir=/usr/libexec --localstatedir=/var --sharedstatedir=/var/lib --mandir=/usr/share/man --infodir=/usr/share/info --enable-shared --enable-threads=posix --enable-__cxa_atexit --enable-clocale=gnu --enable-languages=c,c++,fortran --disable-multilib --enable-default-pie --enable-default-ssp --disable-bootstrap --disable-libstdcxx-pch --enable-linker-build-id --enable-plugin --with-system-zlib
Thread model: posix
Supported LTO compression algorithms: zlib zstd
gcc version 12.2.0 (GCC) 
configure:4267: $? = 0
configure:4256: gcc -V >&5
gcc: error: unrecognized command-line option '-V'
gcc: fatal error: no input files
compilation terminated.
configure:4267: $? = 1
configure:4256: gcc -qversion >&5
gcc: error: unrecognized command-line option '-qversion'; did you mean '--version'?
gcc: fatal error: no input files
compilation terminated.
configure:4267: $? = 1
configure:4256: gcc -version >&5
gcc: error: unrecognized command-line option '-version'
gcc: fatal error: no input files
compilation terminated.
configure:4267: $? = 1
configure:4287: checking whether the C compiler works
configure:4309: gcc    conftest.c  >&5
configure:4313: $? = 0
configure:4364: result: yes
configure:4368: checking for C compiler default output file name
configure:4370: result: a.out
configure:4376: checking for suffix of executables
configure:4383: gcc -o conftest    conftest.c  >&5
configure:4387: $? = 0
configure:4411: result: 
configure:4435: checking whether we are cross compiling
configure:4443: gcc -o conftest    conftest.c  >&5
configure:4447: $? = 0
configure:4454: ./conftest
configure:4458: $? = 0
configure:4473: result: no
configure:4479: checking for suffix of object files
configure:4502: gcc -c   conftest.c >&5
configure:4506: $? = 0
configure:4530: result: o
configure:4534: checking whether the compiler supports GNU C
configure:4554: gcc -c   conftest.c >&5
configure:4554: $? = 0
configure:4566: result: yes
configure:4577: checking whether gcc accepts -g
configure:4598: gcc -c -g  conftest.c >&5
configure:4598: $? = 0
configure:4645: result: yes
configure:4665: checking for gcc option to enable C11 features
configure:4680: gcc  -c   conftest.c >&5
configure:4680: $? = 0
configure:4699: result: none needed
configure:4823: checking whether gcc understands -c and -o together
configure:4846: gcc -c conftest.c -o conftest2.o
configure:4849: $? = 0
configure:4846: gcc -c conftest.c -o conftest2.o
configure:4849: $? = 0
configure:4862: result: yes
configure:4882: checking whether make supports the include directive
configure:4897: make -f confmf.GNU && cat confinc.out
this is the am__doit target
configure:4900: $? = 0
configure:4919: result: yes (GNU style)
configure:4925: checking dependency style of gcc
configure:5038: result: gcc3
configure:5062: checking dependency style of gcc
configure:5173: result: gcc3
configure:5193: checking for stdio.h
configure:5193: gcc -c   conftest.c >&5
configure:5193: $? = 0
configure:5193: result: yes
configure:5193: checking for stdlib.h
configure:5193: gcc -c   conftest.c >&5
configure:5193: $? = 0
configure:5193: result: yes
configure:5193: checking for string.h
configure:5193: gcc -c   conftest.c >&5
configure:5193: $? = 0
configure:5193: result: yes
configure:5193: checking for inttypes.h
configure:5193: gcc -c   conftest.c >&5
configure:5193: $? = 0
configure:5193: result: yes
configure:5193: checking for stdint.h
configure:5193: gcc -c   conftest.c >&5
configure:5193: $? = 0
configure:5193: result: yes
configure:5193: checking for strings.h
configure:5193: gcc -c   conftest.c >&5
configure:5193: $? = 0
configure:5193: result: yes
configure:5193: checking for sys/stat.h
configure:5193: gcc -c   conftest.c >&5
configure:5193: $? = 0
configure:5193: result: yes
configure:5193: checking for sys/types.h
configure:5193: gcc -c   conftest.c >&5
configure:5193: $? = 0
configure:5193: result: yes
configure:5193: checking for unistd.h
configure:5193: gcc -c   conftest.c >&5
configure:5193: $? = 0
configure:5193: result: yes
configure:5193: checking for wchar.h
configure:5193: gcc -c   conftest.c >&5
configure:5193: $? = 0
configure:5193: result: yes
configure:5193: checking for minix/config.h
configure:5193: gcc -c   conftest.c >&5
conftest.c:49:10: fatal error: minix/config.h: No such file or directory
   49 | #include <minix/config.h>
      |          ^~~~~~~~~~~~~~~~
compilation terminated.
configure:5193: $? = 1
configure: failed program was:
| /* confdefs.h */
| #define PACKAGE_NAME "libsodium"
| #define PACKAGE_TARNAME "libsodium"
| #define PACKAGE_VERSION "1.0.20"
| #define PACKAGE_STRING "libsodium 1.0.20"
| #define PACKAGE_BUGREPORT "https://github.com/jedisct1/libsodium/issues"
| #define PACKAGE_URL "https://libsodium.org"
| #define PACKAGE "libsodium"
| #define VERSION "1.0.20"
| #define HAVE_STDIO_H 1
| #define HAVE_STDLIB_H 1
| #define HAVE_STRING_H 1
| #define HAVE_INTTYPES_H 1
| #define HAVE_STDINT_H 1
| #define HAVE_STRINGS_H 1
| #define HAVE_SYS_STAT_H 1
| #define HAVE_SYS_TYPES_H 1
| #define HAVE_UNISTD_H 1
| #define HAVE_WCHAR_H 1
| /* end confdefs.h.  */
| #include <stddef.h>
| #ifdef HAVE_STDIO_H
| # include <stdio.h>
| #endif
| #ifdef HAVE_STDLIB_H
| # include <stdlib.h>
| #endif
| #ifdef HAVE_STRING_H
| # include <string.h>
| #endif
| #ifdef HAVE_INTTYPES_H
| # include <inttypes.h>
| #endif
| #ifdef HAVE_STDINT_H
| # include <stdint.h>
| #endif
| #ifdef HAVE_STRINGS_H
| # include <strings.h>
| #endif
| #ifdef HAVE_SYS_TYPES_H
| # include <sys/types.h>
| #endif
| #ifdef HAVE_SYS_STAT_H
| # include <sys/stat.h>
| #endif
| #ifdef HAVE_UNISTD_H
| # include <unistd.h>
| #endif
| #include <minix/config.h>
configure:5193: result: no
configure:5224: checking whether it is safe to define __EXTENSIONS__
configure:5243: gcc -c   conftest.c >&5
configure:5243: $? = 0
configure:5253: result: yes
configure:5256: checking whether _XOPEN_SOURCE should be defined
configure:5278: gcc -c   conftest.c >&5
configure:5278: $? = 0
configure:5307: result: no
configure:5369: checking whether C compiler accepts -O3
configure:5390: gcc -o conftest   -O3   conftest.c  >&5
configure:5390: $? = 0
configure:5402: result: yes
configure:5728: checking for a sed that does not truncate output
configure:5800: result: /usr/bin/sed
configure:5810: checking how to run the C preprocessor
configure:5836: gcc -E  conftest.c
In file included from /usr/include/bits/posix1_lim.h:161,
                 from /usr/include/limits.h:195,
                 from /usr/lib/gcc/x86_64-unknown-linux-gnu/12.2.0/include-fixed/limits.h:203,
                 from /usr/lib/gcc/x86_64-unknown-linux-gnu/12.2.0/include-fixed/syslimits.h:7,
                 from /usr/lib/gcc/x86_64-unknown-linux-gnu/12.2.0/include-fixed/limits.h:34,
                 from conftest.c:39:
/usr/include/bits/local_lim.h:38:10: fatal error: linux/limits.h: No such file or directory
   38 | #include <linux/limits.h>
      |          ^~~~~~~~~~~~~~~~
compilation terminated.
configure:5836: $? = 1
configure: failed program was:
| /* confdefs.h */
| #define PACKAGE_NAME "libsodium"
| #define PACKAGE_TARNAME "libsodium"
| #define PACKAGE_VERSION "1.0.20"
| #define PACKAGE_STRING "libsodium 1.0.20"
| #define PACKAGE_BUGREPORT "https://github.com/jedisct1/libsodium/issues"
| #define PACKAGE_URL "https://libsodium.org"
| #define PACKAGE "libsodium"
| #define VERSION "1.0.20"
| #define HAVE_STDIO_H 1
| #define HAVE_STDLIB_H 1
| #define HAVE_STRING_H 1
| #define HAVE_INTTYPES_H 1
| #define HAVE_STDINT_H 1
| #define HAVE_STRINGS_H 1
| #define HAVE_SYS_STAT_H 1
| #define HAVE_SYS_TYPES_H 1
| #define HAVE_UNISTD_H 1
| #define HAVE_WCHAR_H 1
| #define STDC_HEADERS 1
| #define _ALL_SOURCE 1
| #define _DARWIN_C_SOURCE 1
| #define _GNU_SOURCE 1
| #define _HPUX_ALT_XOPEN_SOCKET_API 1
| #define _NETBSD_SOURCE 1
| #define _OPENBSD_SOURCE 1
| #define _POSIX_PTHREAD_SEMANTICS 1
| #define __STDC_WANT_IEC_60559_ATTRIBS_EXT__ 1
| #define __STDC_WANT_IEC_60559_BFP_EXT__ 1
| #define __STDC_WANT_IEC_60559_DFP_EXT__ 1
| #define __STDC_WANT_IEC_60559_EXT__ 1
| #define __STDC_WANT_IEC_60559_FUNCS_EXT__ 1
| #define __STDC_WANT_IEC_60559_TYPES_EXT__ 1
| #define __STDC_WANT_LIB_EXT2__ 1
| #define __STDC_WANT_MATH_SPEC_FUNCS__ 1
| #define _TANDEM_SOURCE 1
| #define __EXTENSIONS__ 1
| /* end confdefs.h.  */
| #include <limits.h>
| 		     Syntax error
configure:5836: gcc -E  conftest.c
In file included from /usr/include/bits/posix1_lim.h:161,
                 from /usr/include/limits.h:195,
                 from /usr/lib/gcc/x86_64-unknown-linux-gnu/12.2.0/include-fixed/limits.h:203,
                 from /usr/lib/gcc/x86_64-unknown-linux-gnu/12.2.0/include-fixed/syslimits.h:7,
                 from /usr/lib/gcc/x86_64-unknown-linux-gnu/12.2.0/include-fixed/limits.h:34,
                 from conftest.c:39:
/usr/include/bits/local_lim.h:38:10: fatal error: linux/limits.h: No such file or directory
   38 | #include <linux/limits.h>
      |          ^~~~~~~~~~~~~~~~
compilation terminated.
configure:5836: $? = 1
configure: failed program was:
| /* confdefs.h */
| #define PACKAGE_NAME "libsodium"
| #define PACKAGE_TARNAME "libsodium"
| #define PACKAGE_VERSION "1.0.20"
| #define PACKAGE_STRING "libsodium 1.0.20"
| #define PACKAGE_BUGREPORT "https://github.com/jedisct1/libsodium/issues"
| #define PACKAGE_URL "https://libsodium.org"
| #define PACKAGE "libsodium"
| #define VERSION "1.0.20"
| #define HAVE_STDIO_H 1
| #define HAVE_STDLIB_H 1
| #define HAVE_STRING_H 1
| #define HAVE_INTTYPES_H 1
| #define HAVE_STDINT_H 1
| #define HAVE_STRINGS_H 1
| #define HAVE_SYS_STAT_H 1
| #define HAVE_SYS_TYPES_H 1
| #define HAVE_UNISTD_H 1
| #define HAVE_WCHAR_H 1
| #define STDC_HEADERS 1
| #define _ALL_SOURCE 1
| #define _DARWIN_C_SOURCE 1
| #define _GNU_SOURCE 1
| #define _HPUX_ALT_XOPEN_SOCKET_API 1
| #define _NETBSD_SOURCE 1
| #define _OPENBSD_SOURCE 1
| #define _POSIX_PTHREAD_SEMANTICS 1
| #define __STDC_WANT_IEC_60559_ATTRIBS_EXT__ 1
| #define __STDC_WANT_IEC_60559_BFP_EXT__ 1
| #define __STDC_WANT_IEC_60559_DFP_EXT__ 1
| #define __STDC_WANT_IEC_60559_EXT__ 1
| #define __STDC_WANT_IEC_60559_FUNCS_EXT__ 1
| #define __STDC_WANT_IEC_60559_TYPES_EXT__ 1
| #define __STDC_WANT_LIB_EXT2__ 1
| #define __STDC_WANT_MATH_SPEC_FUNCS__ 1
| #define _TANDEM_SOURCE 1
| #define __EXTENSIONS__ 1
| /* end confdefs.h.  */
| #include <limits.h>
| 		     Syntax error
configure:5836: gcc -E -traditional-cpp  conftest.c
In file included from /usr/include/features.h:491,
                 from /usr/include/bits/libc-header-start.h:34,
                 from /usr/include/limits.h:27,
                 from /usr/lib/gcc/x86_64-unknown-linux-gnu/12.2.0/include-fixed/limits.h:204,
                 from /usr/lib/gcc/x86_64-unknown-linux-gnu/12.2.0/include-fixed/syslimits.h:8,
                 from /usr/lib/gcc/x86_64-unknown-linux-gnu/12.2.0/include-fixed/limits.h:35,
                 from conftest.c:40:
/usr/include/sys/cdefs.h:31:3: error: #error "You need a ISO C or C++ conforming compiler to use the glibc headers"
   31 | # error "You need a ISO C or C++ conforming compiler to use the glibc headers"
      |   ^~~~~
/usr/include/bits/libc-header-start.h:74: error: token "##" is not valid in preprocessor expressions
   74 | #if __GLIBC_USE (IEC_60559_BFP_EXT) || __GLIBC_USE (ISOC2X)
      | 
/usr/include/bits/libc-header-start.h:80: error: token "##" is not valid in preprocessor expressions
   80 | #if __GLIBC_USE (IEC_60559_BFP_EXT) || defined __STDC_WANT_IEC_60559_EXT__
      | 
/usr/include/bits/libc-header-start.h:97: error: token "##" is not valid in preprocessor expressions
   97 | #if __GLIBC_USE (IEC_60559_FUNCS_EXT) || __GLIBC_USE (ISOC2X)
      | 
/usr/include/limits.h:145: error: token "##" is not valid in preprocessor expressions
  145 | #if __GLIBC_USE (IEC_60559_BFP_EXT_C2X)
      | 
/usr/include/limits.h:184: error: token "##" is not valid in preprocessor expressions
  184 | #if __GLIBC_USE (ISOC2X)
      | 
In file included from /usr/include/bits/posix1_lim.h:162,
                 from /usr/include/limits.h:196:
/usr/include/bits/local_lim.h:39:2: fatal error: linux/limits.h: No such file or directory
   39 | 
      |  ^               
compilation terminated.
configure:5836: $? = 1
configure: failed program was:
| /* confdefs.h */
| #define PACKAGE_NAME "libsodium"
| #define PACKAGE_TARNAME "libsodium"
| #define PACKAGE_VERSION "1.0.20"
| #define PACKAGE_STRING "libsodium 1.0.20"
| #define PACKAGE_BUGREPORT "https://github.com/jedisct1/libsodium/issues"
| #define PACKAGE_URL "https://libsodium.org"
| #define PACKAGE "libsodium"
| #define VERSION "1.0.20"
| #define HAVE_STDIO_H 1
| #define HAVE_STDLIB_H 1
| #define HAVE_STRING_H 1
| #define HAVE_INTTYPES_H 1
| #define HAVE_STDINT_H 1
| #define HAVE_STRINGS_H 1
| #define HAVE_SYS_STAT_H 1
| #define HAVE_SYS_TYPES_H 1
| #define HAVE_UNISTD_H 1
| #define HAVE_WCHAR_H 1
| #define STDC_HEADERS 1
| #define _ALL_SOURCE 1
| #define _DARWIN_C_SOURCE 1
| #define _GNU_SOURCE 1
| #define _HPUX_ALT_XOPEN_SOCKET_API 1
| #define _NETBSD_SOURCE 1
| #define _OPENBSD_SOURCE 1
| #define _POSIX_PTHREAD_SEMANTICS 1
| #define __STDC_WANT_IEC_60559_ATTRIBS_EXT__ 1
| #define __STDC_WANT_IEC_60559_BFP_EXT__ 1
| #define __STDC_WANT_IEC_60559_DFP_EXT__ 1
| #define __STDC_WANT_IEC_60559_EXT__ 1
| #define __STDC_WANT_IEC_60559_FUNCS_EXT__ 1
| #define __STDC_WANT_IEC_60559_TYPES_EXT__ 1
| #define __STDC_WANT_LIB_EXT2__ 1
| #define __STDC_WANT_MATH_SPEC_FUNCS__ 1
| #define _TANDEM_SOURCE 1
| #define __EXTENSIONS__ 1
| /* end confdefs.h.  */
| #include <limits.h>
| 		     Syntax error
configure:5836: gcc -E -traditional-cpp  conftest.c
In file included from /usr/include/features.h:491,
                 from /usr/include/bits/libc-header-start.h:34,
                 from /usr/include/limits.h:27,
                 from /usr/lib/gcc/x86_64-unknown-linux-gnu/12.2.0/include-fixed/limits.h:204,
                 from /usr/lib/gcc/x86_64-unknown-linux-gnu/12.2.0/include-fixed/syslimits.h:8,
                 from /usr/lib/gcc/x86_64-unknown-linux-gnu/12.2.0/include-fixed/limits.h:35,
                 from conftest.c:40:
/usr/include/sys/cdefs.h:31:3: error: #error "You need a ISO C or C++ conforming compiler to use the glibc headers"
   31 | # error "You need a ISO C or C++ conforming compiler to use the glibc headers"
      |   ^~~~~
/usr/include/bits/libc-header-start.h:74: error: token "##" is not valid in preprocessor expressions
   74 | #if __GLIBC_USE (IEC_60559_BFP_EXT) || __GLIBC_USE (ISOC2X)
      | 
/usr/include/bits/libc-header-start.h:80: error: token "##" is not valid in preprocessor expressions
   80 | #if __GLIBC_USE (IEC_60559_BFP_EXT) || defined __STDC_WANT_IEC_60559_EXT__
      | 
/usr/include/bits/libc-header-start.h:97: error: token "##" is not valid in preprocessor expressions
   97 | #if __GLIBC_USE (IEC_60559_FUNCS_EXT) || __GLIBC_USE (ISOC2X)
      | 
/usr/include/limits.h:145: error: token "##" is not valid in preprocessor expressions
  145 | #if __GLIBC_USE (IEC_60559_BFP_EXT_C2X)
      | 
/usr/include/limits.h:184: error: token "##" is not valid in preprocessor expressions
  184 | #if __GLIBC_USE (ISOC2X)
      | 
In file included from /usr/include/bits/posix1_lim.h:162,
                 from /usr/include/limits.h:196:
/usr/include/bits/local_lim.h:39:2: fatal error: linux/limits.h: No such file or directory
   39 | 
      |  ^               
compilation terminated.
configure:5836: $? = 1
configure: failed program was:
| /* confdefs.h */
| #define PACKAGE_NAME "libsodium"
| #define PACKAGE_TARNAME "libsodium"
| #define PACKAGE_VERSION "1.0.20"
| #define PACKAGE_STRING "libsodium 1.0.20"
| #define PACKAGE_BUGREPORT "https://github.com/jedisct1/libsodium/issues"
| #define PACKAGE_URL "https://libsodium.org"
| #define PACKAGE "libsodium"
| #define VERSION "1.0.20"
| #define HAVE_STDIO_H 1
| #define HAVE_STDLIB_H 1
| #define HAVE_STRING_H 1
| #define HAVE_INTTYPES_H 1
| #define HAVE_STDINT_H 1
| #define HAVE_STRINGS_H 1
| #define HAVE_SYS_STAT_H 1
| #define HAVE_SYS_TYPES_H 1
| #define HAVE_UNISTD_H 1
| #define HAVE_WCHAR_H 1
| #define STDC_HEADERS 1
| #define _ALL_SOURCE 1
| #define _DARWIN_C_SOURCE 1
| #define _GNU_SOURCE 1
| #define _HPUX_ALT_XOPEN_SOCKET_API 1
| #define _NETBSD_SOURCE 1
| #define _OPENBSD_SOURCE 1
| #define _POSIX_PTHREAD_SEMANTICS 1
| #define __STDC_WANT_IEC_60559_ATTRIBS_EXT__ 1
| #define __STDC_WANT_IEC_60559_BFP_EXT__ 1
| #define __STDC_WANT_IEC_60559_DFP_EXT__ 1
| #define __STDC_WANT_IEC_60559_EXT__ 1
| #define __STDC_WANT_IEC_60559_FUNCS_EXT__ 1
| #define __STDC_WANT_IEC_60559_TYPES_EXT__ 1
| #define __STDC_WANT_LIB_EXT2__ 1
| #define __STDC_WANT_MATH_SPEC_FUNCS__ 1
| #define _TANDEM_SOURCE 1
| #define __EXTENSIONS__ 1
| /* end confdefs.h.  */
| #include <limits.h>
| 		     Syntax error
configure:5836: cpp  conftest.c
In file included from /usr/include/bits/posix1_lim.h:161,
                 from /usr/include/limits.h:195,
                 from /usr/lib/gcc/x86_64-unknown-linux-gnu/12.2.0/include-fixed/limits.h:203,
                 from /usr/lib/gcc/x86_64-unknown-linux-gnu/12.2.0/include-fixed/syslimits.h:7,
                 from /usr/lib/gcc/x86_64-unknown-linux-gnu/12.2.0/include-fixed/limits.h:34,
                 from conftest.c:39:
/usr/include/bits/local_lim.h:38:10: fatal error: linux/limits.h: No such file or directory
   38 | #include <linux/limits.h>
      |          ^~~~~~~~~~~~~~~~
compilation terminated.
configure:5836: $? = 1
configure: failed program was:
| /* confdefs.h */
| #define PACKAGE_NAME "libsodium"
| #define PACKAGE_TARNAME "libsodium"
| #define PACKAGE_VERSION "1.0.20"
| #define PACKAGE_STRING "libsodium 1.0.20"
| #define PACKAGE_BUGREPORT "https://github.com/jedisct1/libsodium/issues"
| #define PACKAGE_URL "https://libsodium.org"
| #define PACKAGE "libsodium"
| #define VERSION "1.0.20"
| #define HAVE_STDIO_H 1
| #define HAVE_STDLIB_H 1
| #define HAVE_STRING_H 1
| #define HAVE_INTTYPES_H 1
| #define HAVE_STDINT_H 1
| #define HAVE_STRINGS_H 1
| #define HAVE_SYS_STAT_H 1
| #define HAVE_SYS_TYPES_H 1
| #define HAVE_UNISTD_H 1
| #define HAVE_WCHAR_H 1
| #define STDC_HEADERS 1
| #define _ALL_SOURCE 1
| #define _DARWIN_C_SOURCE 1
| #define _GNU_SOURCE 1
| #define _HPUX_ALT_XOPEN_SOCKET_API 1
| #define _NETBSD_SOURCE 1
| #define _OPENBSD_SOURCE 1
| #define _POSIX_PTHREAD_SEMANTICS 1
| #define __STDC_WANT_IEC_60559_ATTRIBS_EXT__ 1
| #define __STDC_WANT_IEC_60559_BFP_EXT__ 1
| #define __STDC_WANT_IEC_60559_DFP_EXT__ 1
| #define __STDC_WANT_IEC_60559_EXT__ 1
| #define __STDC_WANT_IEC_60559_FUNCS_EXT__ 1
| #define __STDC_WANT_IEC_60559_TYPES_EXT__ 1
| #define __STDC_WANT_LIB_EXT2__ 1
| #define __STDC_WANT_MATH_SPEC_FUNCS__ 1
| #define _TANDEM_SOURCE 1
| #define __EXTENSIONS__ 1
| /* end confdefs.h.  */
| #include <limits.h>
| 		     Syntax error
configure:5836: cpp  conftest.c
In file included from /usr/include/bits/posix1_lim.h:161,
                 from /usr/include/limits.h:195,
                 from /usr/lib/gcc/x86_64-unknown-linux-gnu/12.2.0/include-fixed/limits.h:203,
                 from /usr/lib/gcc/x86_64-unknown-linux-gnu/12.2.0/include-fixed/syslimits.h:7,
                 from /usr/lib/gcc/x86_64-unknown-linux-gnu/12.2.0/include-fixed/limits.h:34,
                 from conftest.c:39:
/usr/include/bits/local_lim.h:38:10: fatal error: linux/limits.h: No such file or directory
   38 | #include <linux/limits.h>
      |          ^~~~~~~~~~~~~~~~
compilation terminated.
configure:5836: $? = 1
configure: failed program was:
| /* confdefs.h */
| #define PACKAGE_NAME "libsodium"
| #define PACKAGE_TARNAME "libsodium"
| #define PACKAGE_VERSION "1.0.20"
| #define PACKAGE_STRING "libsodium 1.0.20"
| #define PACKAGE_BUGREPORT "https://github.com/jedisct1/libsodium/issues"
| #define PACKAGE_URL "https://libsodium.org"
| #define PACKAGE "libsodium"
| #define VERSION "1.0.20"
| #define HAVE_STDIO_H 1
| #define HAVE_STDLIB_H 1
| #define HAVE_STRING_H 1
| #define HAVE_INTTYPES_H 1
| #define HAVE_STDINT_H 1
| #define HAVE_STRINGS_H 1
| #define HAVE_SYS_STAT_H 1
| #define HAVE_SYS_TYPES_H 1
| #define HAVE_UNISTD_H 1
| #define HAVE_WCHAR_H 1
| #define STDC_HEADERS 1
| #define _ALL_SOURCE 1
| #define _DARWIN_C_SOURCE 1
| #define _GNU_SOURCE 1
| #define _HPUX_ALT_XOPEN_SOCKET_API 1
| #define _NETBSD_SOURCE 1
| #define _OPENBSD_SOURCE 1
| #define _POSIX_PTHREAD_SEMANTICS 1
| #define __STDC_WANT_IEC_60559_ATTRIBS_EXT__ 1
| #define __STDC_WANT_IEC_60559_BFP_EXT__ 1
| #define __STDC_WANT_IEC_60559_DFP_EXT__ 1
| #define __STDC_WANT_IEC_60559_EXT__ 1
| #define __STDC_WANT_IEC_60559_FUNCS_EXT__ 1
| #define __STDC_WANT_IEC_60559_TYPES_EXT__ 1
| #define __STDC_WANT_LIB_EXT2__ 1
| #define __STDC_WANT_MATH_SPEC_FUNCS__ 1
| #define _TANDEM_SOURCE 1
| #define __EXTENSIONS__ 1
| /* end confdefs.h.  */
| #include <limits.h>
| 		     Syntax error
configure:5836: /lib/cpp  conftest.c
In file included from /usr/include/bits/posix1_lim.h:161,
                 from /usr/include/limits.h:195,
                 from /usr/lib/gcc/x86_64-unknown-linux-gnu/12.2.0/include-fixed/limits.h:203,
                 from /usr/lib/gcc/x86_64-unknown-linux-gnu/12.2.0/include-fixed/syslimits.h:7,
                 from /usr/lib/gcc/x86_64-unknown-linux-gnu/12.2.0/include-fixed/limits.h:34,
                 from conftest.c:39:
/usr/include/bits/local_lim.h:38:10: fatal error: linux/limits.h: No such file or directory
   38 | #include <linux/limits.h>
      |          ^~~~~~~~~~~~~~~~
compilation terminated.
configure:5836: $? = 1
configure: failed program was:
| /* confdefs.h */
| #define PACKAGE_NAME "libsodium"
| #define PACKAGE_TARNAME "libsodium"
| #define PACKAGE_VERSION "1.0.20"
| #define PACKAGE_STRING "libsodium 1.0.20"
| #define PACKAGE_BUGREPORT "https://github.com/jedisct1/libsodium/issues"
| #define PACKAGE_URL "https://libsodium.org"
| #define PACKAGE "libsodium"
| #define VERSION "1.0.20"
| #define HAVE_STDIO_H 1
| #define HAVE_STDLIB_H 1
| #define HAVE_STRING_H 1
| #define HAVE_INTTYPES_H 1
| #define HAVE_STDINT_H 1
| #define HAVE_STRINGS_H 1
| #define HAVE_SYS_STAT_H 1
| #define HAVE_SYS_TYPES_H 1
| #define HAVE_UNISTD_H 1
| #define HAVE_WCHAR_H 1
| #define STDC_HEADERS 1
| #define _ALL_SOURCE 1
| #define _DARWIN_C_SOURCE 1
| #define _GNU_SOURCE 1
| #define _HPUX_ALT_XOPEN_SOCKET_API 1
| #define _NETBSD_SOURCE 1
| #define _OPENBSD_SOURCE 1
| #define _POSIX_PTHREAD_SEMANTICS 1
| #define __STDC_WANT_IEC_60559_ATTRIBS_EXT__ 1
| #define __STDC_WANT_IEC_60559_BFP_EXT__ 1
| #define __STDC_WANT_IEC_60559_DFP_EXT__ 1
| #define __STDC_WANT_IEC_60559_EXT__ 1
| #define __STDC_WANT_IEC_60559_FUNCS_EXT__ 1
| #define __STDC_WANT_IEC_60559_TYPES_EXT__ 1
| #define __STDC_WANT_LIB_EXT2__ 1
| #define __STDC_WANT_MATH_SPEC_FUNCS__ 1
| #define _TANDEM_SOURCE 1
| #define __EXTENSIONS__ 1
| /* end confdefs.h.  */
| #include <limits.h>
| 		     Syntax error
configure:5836: /lib/cpp  conftest.c
In file included from /usr/include/bits/posix1_lim.h:161,
                 from /usr/include/limits.h:195,
                 from /usr/lib/gcc/x86_64-unknown-linux-gnu/12.2.0/include-fixed/limits.h:203,
                 from /usr/lib/gcc/x86_64-unknown-linux-gnu/12.2.0/include-fixed/syslimits.h:7,
                 from /usr/lib/gcc/x86_64-unknown-linux-gnu/12.2.0/include-fixed/limits.h:34,
                 from conftest.c:39:
/usr/include/bits/local_lim.h:38:10: fatal error: linux/limits.h: No such file or directory
   38 | #include <linux/limits.h>
      |          ^~~~~~~~~~~~~~~~
compilation terminated.
configure:5836: $? = 1
configure: failed program was:
| /* confdefs.h */
| #define PACKAGE_NAME "libsodium"
| #define PACKAGE_TARNAME "libsodium"
| #define PACKAGE_VERSION "1.0.20"
| #define PACKAGE_STRING "libsodium 1.0.20"
| #define PACKAGE_BUGREPORT "https://github.com/jedisct1/libsodium/issues"
| #define PACKAGE_URL "https://libsodium.org"
| #define PACKAGE "libsodium"
| #define VERSION "1.0.20"
| #define HAVE_STDIO_H 1
| #define HAVE_STDLIB_H 1
| #define HAVE_STRING_H 1
| #define HAVE_INTTYPES_H 1
| #define HAVE_STDINT_H 1
| #define HAVE_STRINGS_H 1
| #define HAVE_SYS_STAT_H 1
| #define HAVE_SYS_TYPES_H 1
| #define HAVE_UNISTD_H 1
| #define HAVE_WCHAR_H 1
| #define STDC_HEADERS 1
| #define _ALL_SOURCE 1
| #define _DARWIN_C_SOURCE 1
| #define _GNU_SOURCE 1
| #define _HPUX_ALT_XOPEN_SOCKET_API 1
| #define _NETBSD_SOURCE 1
| #define _OPENBSD_SOURCE 1
| #define _POSIX_PTHREAD_SEMANTICS 1
| #define __STDC_WANT_IEC_60559_ATTRIBS_EXT__ 1
| #define __STDC_WANT_IEC_60559_BFP_EXT__ 1
| #define __STDC_WANT_IEC_60559_DFP_EXT__ 1
| #define __STDC_WANT_IEC_60559_EXT__ 1
| #define __STDC_WANT_IEC_60559_FUNCS_EXT__ 1
| #define __STDC_WANT_IEC_60559_TYPES_EXT__ 1
| #define __STDC_WANT_LIB_EXT2__ 1
| #define __STDC_WANT_MATH_SPEC_FUNCS__ 1
| #define _TANDEM_SOURCE 1
| #define __EXTENSIONS__ 1
| /* end confdefs.h.  */
| #include <limits.h>
| 		     Syntax error
configure:5881: result: /lib/cpp
configure:5895: /lib/cpp  conftest.c
In file included from /usr/include/bits/posix1_lim.h:161,
                 from /usr/include/limits.h:195,
                 from /usr/lib/gcc/x86_64-unknown-linux-gnu/12.2.0/include-fixed/limits.h:203,
                 from /usr/lib/gcc/x86_64-unknown-linux-gnu/12.2.0/include-fixed/syslimits.h:7,
                 from /usr/lib/gcc/x86_64-unknown-linux-gnu/12.2.0/include-fixed/limits.h:34,
                 from conftest.c:39:
/usr/include/bits/local_lim.h:38:10: fatal error: linux/limits.h: No such file or directory
   38 | #include <linux/limits.h>
      |          ^~~~~~~~~~~~~~~~
compilation terminated.
configure:5895: $? = 1
configure: failed program was:
| /* confdefs.h */
| #define PACKAGE_NAME "libsodium"
| #define PACKAGE_TARNAME "libsodium"
| #define PACKAGE_VERSION "1.0.20"
| #define PACKAGE_STRING "libsodium 1.0.20"
| #define PACKAGE_BUGREPORT "https://github.com/jedisct1/libsodium/issues"
| #define PACKAGE_URL "https://libsodium.org"
| #define PACKAGE "libsodium"
| #define VERSION "1.0.20"
| #define HAVE_STDIO_H 1
| #define HAVE_STDLIB_H 1
| #define HAVE_STRING_H 1
| #define HAVE_INTTYPES_H 1
| #define HAVE_STDINT_H 1
| #define HAVE_STRINGS_H 1
| #define HAVE_SYS_STAT_H 1
| #define HAVE_SYS_TYPES_H 1
| #define HAVE_UNISTD_H 1
| #define HAVE_WCHAR_H 1
| #define STDC_HEADERS 1
| #define _ALL_SOURCE 1
| #define _DARWIN_C_SOURCE 1
| #define _GNU_SOURCE 1
| #define _HPUX_ALT_XOPEN_SOCKET_API 1
| #define _NETBSD_SOURCE 1
| #define _OPENBSD_SOURCE 1
| #define _POSIX_PTHREAD_SEMANTICS 1
| #define __STDC_WANT_IEC_60559_ATTRIBS_EXT__ 1
| #define __STDC_WANT_IEC_60559_BFP_EXT__ 1
| #define __STDC_WANT_IEC_60559_DFP_EXT__ 1
| #define __STDC_WANT_IEC_60559_EXT__ 1
| #define __STDC_WANT_IEC_60559_FUNCS_EXT__ 1
| #define __STDC_WANT_IEC_60559_TYPES_EXT__ 1
| #define __STDC_WANT_LIB_EXT2__ 1
| #define __STDC_WANT_MATH_SPEC_FUNCS__ 1
| #define _TANDEM_SOURCE 1
| #define __EXTENSIONS__ 1
| /* end confdefs.h.  */
| #include <limits.h>
| 		     Syntax error
configure:5895: /lib/cpp  conftest.c
In file included from /usr/include/bits/posix1_lim.h:161,
                 from /usr/include/limits.h:195,
                 from /usr/lib/gcc/x86_64-unknown-linux-gnu/12.2.0/include-fixed/limits.h:203,
                 from /usr/lib/gcc/x86_64-unknown-linux-gnu/12.2.0/include-fixed/syslimits.h:7,
                 from /usr/lib/gcc/x86_64-unknown-linux-gnu/12.2.0/include-fixed/limits.h:34,
                 from conftest.c:39:
/usr/include/bits/local_lim.h:38:10: fatal error: linux/limits.h: No such file or directory
   38 | #include <linux/limits.h>
      |          ^~~~~~~~~~~~~~~~
compilation terminated.
configure:5895: $? = 1
configure: failed program was:
| /* confdefs.h */
| #define PACKAGE_NAME "libsodium"
| #define PACKAGE_TARNAME "libsodium"
| #define PACKAGE_VERSION "1.0.20"
| #define PACKAGE_STRING "libsodium 1.0.20"
| #define PACKAGE_BUGREPORT "https://github.com/jedisct1/libsodium/issues"
| #define PACKAGE_URL "https://libsodium.org"
| #define PACKAGE "libsodium"
| #define VERSION "1.0.20"
| #define HAVE_STDIO_H 1
| #define HAVE_STDLIB_H 1
| #define HAVE_STRING_H 1
| #define HAVE_INTTYPES_H 1
| #define HAVE_STDINT_H 1
| #define HAVE_STRINGS_H 1
| #define HAVE_SYS_STAT_H 1
| #define HAVE_SYS_TYPES_H 1
| #define HAVE_UNISTD_H 1
| #define HAVE_WCHAR_H 1
| #define STDC_HEADERS 1
| #define _ALL_SOURCE 1
| #define _DARWIN_C_SOURCE 1
| #define _GNU_SOURCE 1
| #define _HPUX_ALT_XOPEN_SOCKET_API 1
| #define _NETBSD_SOURCE 1
| #define _OPENBSD_SOURCE 1
| #define _POSIX_PTHREAD_SEMANTICS 1
| #define __STDC_WANT_IEC_60559_ATTRIBS_EXT__ 1
| #define __STDC_WANT_IEC_60559_BFP_EXT__ 1
| #define __STDC_WANT_IEC_60559_DFP_EXT__ 1
| #define __STDC_WANT_IEC_60559_EXT__ 1
| #define __STDC_WANT_IEC_60559_FUNCS_EXT__ 1
| #define __STDC_WANT_IEC_60559_TYPES_EXT__ 1
| #define __STDC_WANT_LIB_EXT2__ 1
| #define __STDC_WANT_MATH_SPEC_FUNCS__ 1
| #define _TANDEM_SOURCE 1
| #define __EXTENSIONS__ 1
| /* end confdefs.h.  */
| #include <limits.h>
| 		     Syntax error
configure:5930: error: in '/usr/local/libsodium-1.0.20':
configure:5932: error: C preprocessor "/lib/cpp" fails sanity check
See 'config.log' for more details

## ---------------- ##
## Cache variables. ##
## ---------------- ##

ac_cv_build=x86_64-pc-linux-gnu
ac_cv_c_compiler_gnu=yes
ac_cv_env_AR_set=
ac_cv_env_AR_value=
ac_cv_env_CCASFLAGS_set=
ac_cv_env_CCASFLAGS_value=
ac_cv_env_CCAS_set=
ac_cv_env_CCAS_value=
ac_cv_env_CC_set=
ac_cv_env_CC_value=
ac_cv_env_CFLAGS_set=
ac_cv_env_CFLAGS_value=
ac_cv_env_CPPFLAGS_set=
ac_cv_env_CPPFLAGS_value=
ac_cv_env_CPP_set=
ac_cv_env_CPP_value=
ac_cv_env_CWFLAGS_set=
ac_cv_env_CWFLAGS_value=
ac_cv_env_LDFLAGS_set=
ac_cv_env_LDFLAGS_value=
ac_cv_env_LIBS_set=
ac_cv_env_LIBS_value=
ac_cv_env_LT_SYS_LIBRARY_PATH_set=
ac_cv_env_LT_SYS_LIBRARY_PATH_value=
ac_cv_env_SAFECODE_HOME_set=
ac_cv_env_SAFECODE_HOME_value=
ac_cv_env_build_alias_set=
ac_cv_env_build_alias_value=
ac_cv_env_host_alias_set=
ac_cv_env_host_alias_value=
ac_cv_env_target_alias_set=
ac_cv_env_target_alias_value=
ac_cv_header_inttypes_h=yes
ac_cv_header_minix_config_h=no
ac_cv_header_stdint_h=yes
ac_cv_header_stdio_h=yes
ac_cv_header_stdlib_h=yes
ac_cv_header_string_h=yes
ac_cv_header_strings_h=yes
ac_cv_header_sys_stat_h=yes
ac_cv_header_sys_types_h=yes
ac_cv_header_unistd_h=yes
ac_cv_header_wchar_h=yes
ac_cv_host=x86_64-pc-linux-gnu
ac_cv_objext=o
ac_cv_path_SED=/usr/bin/sed
ac_cv_path_install='/usr/bin/install -c'
ac_cv_path_mkdir=/usr/bin/mkdir
ac_cv_prog_AWK=gawk
ac_cv_prog_CPP=/lib/cpp
ac_cv_prog_ac_ct_CC=gcc
ac_cv_prog_cc_c11=
ac_cv_prog_cc_g=yes
ac_cv_prog_cc_stdc=
ac_cv_prog_make_make_set=yes
ac_cv_safe_to_define___extensions__=yes
ac_cv_should_define__xopen_source=no
ac_cv_target=x86_64-pc-linux-gnu
am_cv_CCAS_dependencies_compiler_type=gcc3
am_cv_CC_dependencies_compiler_type=gcc3
am_cv_make_support_nested_variables=yes
am_cv_prog_cc_c_o=yes
am_cv_prog_tar_ustar=gnutar
ax_cv_check_cflags___O3=yes

## ----------------- ##
## Output variables. ##
## ----------------- ##

ACLOCAL='${SHELL} '\''/usr/local/libsodium-1.0.20/build-aux/missing'\'' aclocal-1.16'
ALLOCA=''
AMDEPBACKSLASH='\'
AMDEP_FALSE='#'
AMDEP_TRUE=''
AMTAR='$${TAR-tar}'
AM_BACKSLASH='\'
AM_DEFAULT_V='$(AM_DEFAULT_VERBOSITY)'
AM_DEFAULT_VERBOSITY='0'
AM_V='$(V)'
AR=''
AUTOCONF='${SHELL} '\''/usr/local/libsodium-1.0.20/build-aux/missing'\'' autoconf'
AUTOHEADER='${SHELL} '\''/usr/local/libsodium-1.0.20/build-aux/missing'\'' autoheader'
AUTOMAKE='${SHELL} '\''/usr/local/libsodium-1.0.20/build-aux/missing'\'' automake-1.16'
AWK='gawk'
CC='gcc'
CCAS='gcc'
CCASDEPMODE='depmode=gcc3'
CCASFLAGS=''
CCDEPMODE='depmode=gcc3'
CFLAGS=' -O3'
CFLAGS_AESNI=''
CFLAGS_ARMCRYPTO=''
CFLAGS_AVX2=''
CFLAGS_AVX512F=''
CFLAGS_AVX=''
CFLAGS_MMX=''
CFLAGS_PCLMUL=''
CFLAGS_RDRAND=''
CFLAGS_SSE2=''
CFLAGS_SSE3=''
CFLAGS_SSE41=''
CFLAGS_SSSE3=''
CPP='/lib/cpp'
CPPFLAGS=''
CSCOPE='cscope'
CTAGS='ctags'
CWFLAGS=''
CYGPATH_W='echo'
DEFS=''
DEPDIR='.deps'
DLLTOOL=''
DLL_VERSION='26'
DSYMUTIL=''
DUMPBIN=''
ECHO_C=''
ECHO_N='-n'
ECHO_T=''
EGREP=''
EMSCRIPTEN_FALSE=''
EMSCRIPTEN_TRUE=''
ENABLE_VALGRIND_drd=''
ENABLE_VALGRIND_helgrind=''
ENABLE_VALGRIND_memcheck=''
ENABLE_VALGRIND_sgcheck=''
ETAGS='etags'
EXEEXT=''
FGREP=''
FILECMD=''
GREP=''
HAVE_AMD64_ASM_FALSE=''
HAVE_AMD64_ASM_TRUE=''
HAVE_AMD64_ASM_V=''
HAVE_AVX_ASM_FALSE=''
HAVE_AVX_ASM_TRUE=''
HAVE_AVX_ASM_V=''
HAVE_CPUID_V=''
HAVE_LD_OUTPUT_DEF_FALSE=''
HAVE_LD_OUTPUT_DEF_TRUE=''
HAVE_TI_MODE_FALSE=''
HAVE_TI_MODE_TRUE=''
HAVE_TI_MODE_V=''
INSTALL_DATA='${INSTALL} -m 644'
INSTALL_PROGRAM='${INSTALL}'
INSTALL_SCRIPT='${INSTALL}'
INSTALL_STRIP_PROGRAM='$(install_sh) -c -s'
LD=''
LDFLAGS=''
LIBOBJS=''
LIBS=''
LIBTOOL=''
LIBTOOL_DEPS=''
LIBTOOL_EXTRA_FLAGS=''
LIPO=''
LN_S=''
LTLIBOBJS=''
LT_SYS_LIBRARY_PATH=''
MAINT='#'
MAINTAINER_MODE_FALSE=''
MAINTAINER_MODE_TRUE='#'
MAKEINFO='${SHELL} '\''/usr/local/libsodium-1.0.20/build-aux/missing'\'' makeinfo'
MANIFEST_TOOL=''
MINIMAL_FALSE=''
MINIMAL_TRUE='#'
MKDIR_P='/usr/bin/mkdir -p'
NM=''
NMEDIT=''
OBJDUMP=''
OBJEXT='o'
OTOOL64=''
OTOOL=''
PACKAGE='libsodium'
PACKAGE_BUGREPORT='https://github.com/jedisct1/libsodium/issues'
PACKAGE_NAME='libsodium'
PACKAGE_STRING='libsodium 1.0.20'
PACKAGE_TARNAME='libsodium'
PACKAGE_URL='https://libsodium.org'
PACKAGE_VERSION='1.0.20'
PATH_SEPARATOR=':'
PKGCONFIG_LIBS_PRIVATE=''
PTHREAD_CC=''
PTHREAD_CFLAGS=''
PTHREAD_CXX=''
PTHREAD_LIBS=''
RANLIB=''
SAFECODE_HOME=''
SED='/usr/bin/sed'
SET_MAKE=''
SHELL='/bin/sh'
SODIUM_LIBRARY_MINIMAL_DEF=''
SODIUM_LIBRARY_VERSION='28:0:2'
SODIUM_LIBRARY_VERSION_MAJOR='26'
SODIUM_LIBRARY_VERSION_MINOR='2'
STRIP=''
TEST_LDFLAGS=''
VALGRIND=''
VALGRIND_CHECK_RULES=''
VALGRIND_ENABLED=''
VALGRIND_ENABLED_FALSE=''
VALGRIND_ENABLED_TRUE=''
VERSION='1.0.20'
WASI_FALSE=''
WASI_TRUE=''
ac_ct_AR=''
ac_ct_CC='gcc'
ac_ct_DUMPBIN=''
am__EXEEXT_FALSE=''
am__EXEEXT_TRUE=''
am__fastdepCCAS_FALSE='#'
am__fastdepCCAS_TRUE=''
am__fastdepCC_FALSE='#'
am__fastdepCC_TRUE=''
am__include='include'
am__isrc=''
am__leading_dot='.'
am__nodep='_no'
am__quote=''
am__tar='tar --format=ustar -chf - "$$tardir"'
am__untar='tar -xf -'
ax_pthread_config=''
bindir='${exec_prefix}/bin'
build='x86_64-pc-linux-gnu'
build_alias=''
build_cpu='x86_64'
build_os='linux-gnu'
build_vendor='pc'
datadir='${datarootdir}'
datarootdir='${prefix}/share'
docdir='${datarootdir}/doc/${PACKAGE_TARNAME}'
dvidir='${docdir}'
exec_prefix='NONE'
host='x86_64-pc-linux-gnu'
host_alias=''
host_cpu='x86_64'
host_os='linux-gnu'
host_vendor='pc'
htmldir='${docdir}'
includedir='${prefix}/include'
infodir='${datarootdir}/info'
install_sh='${SHELL} /usr/local/libsodium-1.0.20/build-aux/install-sh'
libdir='${exec_prefix}/lib'
libexecdir='${exec_prefix}/libexec'
localedir='${datarootdir}/locale'
localstatedir='${prefix}/var'
mandir='${datarootdir}/man'
mkdir_p='$(MKDIR_P)'
oldincludedir='/usr/include'
pdfdir='${docdir}'
prefix='NONE'
program_transform_name='s,x,x,'
psdir='${docdir}'
runstatedir='${localstatedir}/run'
sbindir='${exec_prefix}/sbin'
sharedstatedir='${prefix}/com'
sysconfdir='${prefix}/etc'
target='x86_64-pc-linux-gnu'
target_alias=''
target_cpu='x86_64'
target_os='linux-gnu'
target_vendor='pc'
valgrind_enabled_tools=''
valgrind_tools=''

## ----------- ##
## confdefs.h. ##
## ----------- ##

/* confdefs.h */
#define PACKAGE_NAME "libsodium"
#define PACKAGE_TARNAME "libsodium"
#define PACKAGE_VERSION "1.0.20"
#define PACKAGE_STRING "libsodium 1.0.20"
#define PACKAGE_BUGREPORT "https://github.com/jedisct1/libsodium/issues"
#define PACKAGE_URL "https://libsodium.org"
#define PACKAGE "libsodium"
#define VERSION "1.0.20"
#define HAVE_STDIO_H 1
#define HAVE_STDLIB_H 1
#define HAVE_STRING_H 1
#define HAVE_INTTYPES_H 1
#define HAVE_STDINT_H 1
#define HAVE_STRINGS_H 1
#define HAVE_SYS_STAT_H 1
#define HAVE_SYS_TYPES_H 1
#define HAVE_UNISTD_H 1
#define HAVE_WCHAR_H 1
#define STDC_HEADERS 1
#define _ALL_SOURCE 1
#define _DARWIN_C_SOURCE 1
#define _GNU_SOURCE 1
#define _HPUX_ALT_XOPEN_SOCKET_API 1
#define _NETBSD_SOURCE 1
#define _OPENBSD_SOURCE 1
#define _POSIX_PTHREAD_SEMANTICS 1
#define __STDC_WANT_IEC_60559_ATTRIBS_EXT__ 1
#define __STDC_WANT_IEC_60559_BFP_EXT__ 1
#define __STDC_WANT_IEC_60559_DFP_EXT__ 1
#define __STDC_WANT_IEC_60559_EXT__ 1
#define __STDC_WANT_IEC_60559_FUNCS_EXT__ 1
#define __STDC_WANT_IEC_60559_TYPES_EXT__ 1
#define __STDC_WANT_LIB_EXT2__ 1
#define __STDC_WANT_MATH_SPEC_FUNCS__ 1
#define _TANDEM_SOURCE 1
#define __EXTENSIONS__ 1

configure: exit 1
